// Jest Snapshot v1, https://goo.gl/fbAQLP

exports[`Grid #createGrid 1`] = `6698932`;

exports[`Grid #initialize 1`] = `501599`;

exports[`Grid #placeMakerOrder ERC20 1`] = `168571`;

exports[`Grid #placeMakerOrder ERC20 2`] = `111701`;

exports[`Grid #placeMakerOrder ERC20 3`] = `111701`;

exports[`Grid #placeMakerOrder ERC20 4`] = `111701`;

exports[`Grid #placeMakerOrder ERC20 5`] = `111701`;

exports[`Grid #placeMakerOrder ETH 1`] = `203225`;

exports[`Grid #placeMakerOrder ETH 2`] = `129244`;

exports[`Grid #placeMakerOrder ETH 3`] = `129244`;

exports[`Grid #placeMakerOrder ETH 4`] = `129244`;

exports[`Grid #placeMakerOrder ETH 5`] = `129244`;

exports[`Grid #swap exactInput ERC20 1`] = `162455`;

exports[`Grid #swap exactInput ERC20 2`] = `91970`;

exports[`Grid #swap exactInput ERC20 3`] = `91970`;

exports[`Grid #swap exactInput ERC20 4`] = `91953`;

exports[`Grid #swap exactInput ERC20 5`] = `104232`;

exports[`Grid #swap exactInput ERC20 6`] = `91952`;

exports[`Grid #swap exactInput ETH 1`] = `144205`;

exports[`Grid #swap exactInput ETH 2`] = `110024`;

exports[`Grid #swap exactInput ETH 3`] = `110024`;

exports[`Grid #swap exactInput ETH 4`] = `110024`;

exports[`Grid #swap exactInput ETH 5`] = `122305`;

exports[`Grid #swap exactInput ETH 6`] = `110054`;

exports[`Grid #swap exactOutput ERC20 1`] = `162300`;

exports[`Grid #swap exactOutput ERC20 2`] = `91798`;

exports[`Grid #swap exactOutput ERC20 3`] = `104077`;

exports[`Grid #swap exactOutput ERC20 4`] = `91828`;

exports[`Grid #swap exactOutput ERC20 5`] = `104107`;

exports[`Grid #swap exactOutput ERC20 6`] = `91812`;

exports[`Grid #swap exactOutput ETH 1`] = `143598`;

exports[`Grid #swap exactOutput ETH 2`] = `121679`;

exports[`Grid #swap exactOutput ETH 3`] = `109428`;

exports[`Grid #swap exactOutput ETH 4`] = `121634`;

exports[`Grid #swap exactOutput ETH 5`] = `108537`;

exports[`Grid #swap exactOutput ETH 6`] = `121618`;
