// Jest Snapshot v1, https://goo.gl/fbAQLP

exports[`GridAddress #gridKey gas used snapshot 1`] = `285`;
